// Jest Snapshot v1, https://goo.gl/fbAQLP

exports[`Search component renders correctly 1`] = `
<View
  style={
    Object {
      "alignItems": "center",
      "flexDirection": "row",
      "padding": 5,
    }
  }
>
  <TextInput
    allowFontScaling={true}
    onChangeText={[Function]}
    rejectResponderTermination={true}
    style={
      Object {
        "backgroundColor": "#ffffff",
        "borderRadius": 10,
        "flex": 1,
        "height": 40,
        "margin": 12,
        "padding": 8,
      }
    }
    testID="searchId"
    underlineColorAndroid="transparent"
    value=""
  />
  <RNGestureHandlerButton
    collapsable={false}
    onGestureEvent={[Function]}
    onGestureHandlerEvent={[Function]}
    onGestureHandlerStateChange={[Function]}
    onHandlerStateChange={[Function]}
    rippleColor={0}
    testID="searchBtnId"
  >
    <View
      accessible={true}
      style={
        Object {
          "opacity": 1,
        }
      }
    >
      <View
        style={
          Object {
            "alignItems": "center",
            "backgroundColor": "#FF813F",
            "borderRadius": 3,
            "height": 40,
            "justifyContent": "center",
            "width": 40,
          }
        }
      >
        <Text
          allowFontScaling={false}
          style={
            Array [
              Object {
                "color": "white",
                "fontSize": 24,
              },
              undefined,
              Object {
                "fontFamily": "anticon",
                "fontStyle": "normal",
                "fontWeight": "normal",
              },
              Object {},
            ]
          }
        >
          î™°
        </Text>
      </View>
    </View>
  </RNGestureHandlerButton>
</View>
`;
